version: 1
results: {}

# Baseline for detect-secrets. This file intentionally contains no findings.
# If detect-secrets finds real secrets during development, run:
#   detect-secrets scan --baseline .secrets.baseline > .secrets.baseline
# to record accepted findings, then commit the updated baseline.